# 磁盘分区

## 查看磁盘挂载
``` bash
fdisk -l  # 查看磁盘挂载情况
```

## 开始分区

磁盘容量数据经过后期修改，非真实数据

``` bash
fdisk /dev/vda  # 对/dev/vda磁盘进行分区
```

以下为执行分区命令后进行的操作

``` op
欢迎使用 fdisk (util-linux 2.23.2)。

更改将停留在内存中，直到您决定将更改写入磁盘。
使用写入命令前请三思。


命令(输入 m 获取帮助)：m
命令操作
   a   toggle a bootable flag
   b   edit bsd disklabel
   c   toggle the dos compatibility flag
   d   delete a partition
   g   create a new empty GPT partition table
   G   create an IRIX (SGI) partition table
   l   list known partition types
   m   print this menu
   n   add a new partition
   o   create a new empty DOS partition table
   p   print the partition table
   q   quit without saving changes
   s   create a new empty Sun disklabel
   t   change a partition's system id
   u   change display/entry units
   v   verify the partition table
   w   write table to disk and exit
   x   extra functionality (experts only)
```

开始划分拓展分区，此处会创建/dev/vda3

``` op
命令(输入 m 获取帮助)：n
Partition type:
   p   primary (2 primary, 0 extended, 2 free)
   e   extended
Select (default p): e
分区号 (3,4，默认 3)：
起始 扇区 (11111-22222，默认为 11111)：
将使用默认值 11111
Last 扇区, +扇区 or +size{K,M,G} (11111-22222，默认为 22222)：
将使用默认值 22222
分区 3 已设置为 Extended 类型，大小设为 5.4 MiB
```

开始划分逻辑分区，此处会创建/dev/vda5

``` op
命令(输入 m 获取帮助)：n
Partition type:
   p   primary (2 primary, 1 extended, 1 free)
   l   logical (numbered from 5)
Select (default p): l
添加逻辑分区 5
起始 扇区 (11111-22222，默认为 11111)：
将使用默认值 11111
Last 扇区, +扇区 or +size{K,M,G} (11111-22222，默认为 22222)：
将使用默认值 22222
分区 5 已设置为 Linux 类型，大小设为 5.7 MiB
```

保存分区划分情况

``` op
命令(输入 m 获取帮助)：w
The partition table has been altered!

Calling ioctl() to re-read partition table.

WARNING: Re-reading the partition table failed with error 16: 设备或资源忙.
The kernel still uses the old table. The new table will be used at
the next reboot or after you run partprobe(8) or kpartx(8)
正在同步磁盘。
```

## 创建虚拟磁盘

``` bash
lvmdiskscan  # 查看虚拟磁盘的情况
partprobe  # 刷新分区表
pvcreate /dev/vda5  # 创建虚拟磁盘，此处的/dev/vda5为上面命令创建的逻辑分区
vgdisplay  # 寻找要拓展的虚拟磁盘名
df -lh  # 查看磁盘现大小
vgextend vgName /dev/vda5  # vgName为用vgdisplay命令找到的 “VG Name”
df -lh  # 查看现磁盘大小，发现没变大
lvscan  # 获取要拓展的磁盘标识，供下边的命令使用
lvextend -L +2M /dev/rootvg/root  # 划分出来的逻辑分区可以不全部给出
xfs_growfs /dev/rootvg/root  # 同步文件系统。xfs使用该命令，ext4使用该命令resize2fs
df -lh  # 此时可以看到，磁盘扩大了2MB
```

## 实例

### 事前准备

在宿主机上执行：

``` bash
virsh stop linux01  # 停止linux01虚拟机
qemu-img resize linux01.qcow2 +128G  # 原磁盘为128GB，扩容增加128GB
virsh start linux01  # 启动linux01虚拟机
```

在虚拟机上执行：

``` bash
yum install gdisk  # 安装能对gpt分区的软件
```

### 在虚拟机上拓展分区

修复磁盘

``` show
[root@localhost ~]# parted /dev/sda
GNU Parted 3.1
Using /dev/sda
Welcome to GNU Parted! Type 'help' to view a list of commands.
(parted) p  # 修复
Error: The backup GPT table is not at the end of the disk, as it should be.  This might mean that another operating
system believes the disk is smaller.  Fix, by moving the backup to the end (and removing the old backup)?
Fix/Ignore/Cancel? f  # 修复
Warning: Not all of the space available to /dev/sda appears to be used, you can fix the GPT to use all of the space (an
extra 268435456 blocks) or continue with the current setting?
Fix/Ignore? f  # 修复
Model: QEMU QEMU HARDDISK (scsi)
Disk /dev/sda: 275GB
Sector size (logical/physical): 512B/512B
Partition Table: gpt
Disk Flags: pmbr_boot

Number  Start   End     Size    File system  Name  Flags
 1      1049kB  3146kB  2097kB                     bios_grub
 2      3146kB  540MB   537MB   xfs
 3      540MB   137GB   137GB                      lvm

(parted) q  # 退出
```

扩容前的空间情况

``` show
[root@localhost ~]# fdisk -l
WARNING: fdisk GPT support is currently new, and therefore in an experimental phase. Use at your own discretion.

Disk /dev/sda: 274.9 GB, 274877906944 bytes, 536870912 sectors
Units = sectors of 1 * 512 = 512 bytes
Sector size (logical/physical): 512 bytes / 512 bytes
I/O size (minimum/optimal): 512 bytes / 512 bytes
Disk label type: gpt
Disk identifier: AAAAAAAA-AAAA-AAAA-AAAA-AAAAAAAAAAAA


#         Start          End    Size  Type            Name
 1         2048         6143      2M  BIOS boot
 2         6144      1054719    512M  Microsoft basic
 3      1054720    268433407  127.5G  Linux LVM

Disk /dev/mapper/vg0-lv_root: 136.9 GB, 136893693952 bytes, 267370496 sectors
Units = sectors of 1 * 512 = 512 bytes
Sector size (logical/physical): 512 bytes / 512 bytes
I/O size (minimum/optimal): 512 bytes / 512 bytes

[root@localhost ~]# df -lh
Filesystem               Size  Used Avail Use% Mounted on
devtmpfs                 1.9G     0  1.9G   0% /dev
tmpfs                    1.9G     0  1.9G   0% /dev/shm
tmpfs                    1.9G  8.5M  1.9G   1% /run
tmpfs                    1.9G     0  1.9G   0% /sys/fs/cgroup
/dev/mapper/vg0-lv_root  128G  114G   14G  90% /
/dev/sda2                509M  144M  366M  29% /boot
tmpfs                    379M     0  379M   0% /run/user/0

```

分区

``` show

[root@localhost ~]# gdisk /dev/sda
GPT fdisk (gdisk) version 0.8.10

Partition table scan:
  MBR: protective
  BSD: not present
  APM: not present
  GPT: present

Found valid GPT with protective MBR; using GPT.

Command (? for help): n  # 新建
Partition number (4-128, default 4):
First sector (34-536870878, default = 268433408) or {+-}size{KMGTP}:
Last sector (268433408-536870878, default = 536870878) or {+-}size{KMGTP}:
Current type is 'Linux filesystem'
Hex code or GUID (L to show codes, Enter = 8300):
Changed type of partition to 'Linux filesystem'

Command (? for help): w  # 写入

Final checks complete. About to write GPT data. THIS WILL OVERWRITE EXISTING
PARTITIONS!!

Do you want to proceed? (Y/N): y  # 确定修改
OK; writing new GUID partition table (GPT) to /dev/sda.
Warning: The kernel is still using the old partition table.
The new table will be used at the next reboot.
The operation has completed successfully.
```

刷新磁盘表、格式化、拓展lv、加入lv

``` show
[root@localhost ~]# partprobe
[root@localhost ~]# pvcreate /dev/sda4
  Physical volume "/dev/sda4" successfully created.
[root@localhost ~]# vgextend  vg0 /dev/sda4
  Volume group "vg0" successfully extended
[root@localhost ~]# lvextend -L +127G /dev/vg0/lv_root
  Size of logical volume vg0/lv_root changed from 127.49 GiB (32638 extents) to 254.49 GiB (65150 extents).
  Logical volume vg0/lv_root successfully resized.
[root@localhost ~]#  xfs_growfs /dev/vg0/lv_root
meta-data=/dev/mapper/vg0-lv_root isize=512    agcount=4, agsize=8355328 blks
         =                       sectsz=512   attr=2, projid32bit=1
         =                       crc=1        finobt=0 spinodes=0
data     =                       bsize=4096   blocks=33421312, imaxpct=25
         =                       sunit=0      swidth=0 blks
naming   =version 2              bsize=4096   ascii-ci=0 ftype=1
log      =internal               bsize=4096   blocks=16319, version=2
         =                       sectsz=512   sunit=0 blks, lazy-count=1
realtime =none                   extsz=4096   blocks=0, rtextents=0
data blocks changed from 33421312 to 66713600
```

再看磁盘空间

``` show
[root@localhost ~]# df -lh
Filesystem               Size  Used Avail Use% Mounted on
devtmpfs                 1.9G     0  1.9G   0% /dev
tmpfs                    1.9G     0  1.9G   0% /dev/shm
tmpfs                    1.9G  8.5M  1.9G   1% /run
tmpfs                    1.9G     0  1.9G   0% /sys/fs/cgroup
/dev/mapper/vg0-lv_root  255G  114G  141G  45% /
/dev/sda2                509M  144M  366M  29% /boot
tmpfs                    379M     0  379M   0% /run/user/0
[root@localhost ~]# fdisk -l
WARNING: fdisk GPT support is currently new, and therefore in an experimental phase. Use at your own discretion.

Disk /dev/sda: 274.9 GB, 274877906944 bytes, 536870912 sectors
Units = sectors of 1 * 512 = 512 bytes
Sector size (logical/physical): 512 bytes / 512 bytes
I/O size (minimum/optimal): 512 bytes / 512 bytes
Disk label type: gpt
Disk identifier: AAAAAAAA-AAAA-AAAA-AAAA-AAAAAAAAAAAA


#         Start          End    Size  Type            Name
 1         2048         6143      2M  BIOS boot
 2         6144      1054719    512M  Microsoft basic
 3      1054720    268433407  127.5G  Linux LVM
 4    268433408    536870878    128G  Linux filesyste Linux filesystem

Disk /dev/mapper/vg0-lv_root: 273.3 GB, 273258905600 bytes, 533708800 sectors
Units = sectors of 1 * 512 = 512 bytes
Sector size (logical/physical): 512 bytes / 512 bytes
I/O size (minimum/optimal): 512 bytes / 512 bytes
```